#Date        Time         gpu    pwr  gtemp  mtemp     sm    mem    enc    dec    jpg    ofa   mclk   pclk     fb   bar1   ccpm 
#YYYYMMDD    HH:MM:SS     Idx      W      C      C      %      %      %      %      %      %    MHz    MHz     MB     MB     MB 
 20260813    16:30:12       1     56     28     46      0      0      0      0      0      0   1593    210      0      1      0 
 20260813    16:30:22       1     56     28     46      0      0      0      0      0      0   1593    210      0      1      0 
 20260813    16:30:32       1     56     28     46      0      0      0      0      0      0   1593    210      0      1      0 
 20260813    16:30:42       1     56     28     46      0      0      0      0      0      0   1593    210      0      1      0 
 20260813    16:30:52       1     56     28     46      0      0      0      0      0      0   1593    210      0      1      0 
 20260813    16:31:02       1     56     28     46      0      0      0      0      0      0   1593    210      0      1      0 
 20260813    16:31:12       1     56     28     47      0      0      0      0      0      0   1593    210      0      1      0 
 20260813    16:31:22       1     56     28     46      0      0      0      0      0      0   1593    210      0      1      0 
 20260813    16:31:32       1     56     28     45      0      0      0      0      0      0   1593    210      0      1      0 
 20260813    16:31:42       1     56     28     45      0      0      0      0      0      0   1593    210      0      1      0 
 20260813    16:31:52       1     56     28     45      0      0      0      0      0      0   1593    210      0      1      0 
 20260813    16:32:02       1     56     28     47      0      0      0      0      0      0   1593    210      0      1      0 
 20260813    16:32:12       1     56     28     47      0      0      0      0      0      0   1593    210      0      1      0 
 20260813    16:32:22       1     56     28     45      0      0      0      0      0      0   1593    210      0      1      0 
 20260813    16:32:32       1     56     28     45      0      0      0      0      0      0   1593    210      0      1      0 
 20260813    16:32:42       1     56     28     45      0      0      0      0      0      0   1593    210      0      1      0 
 20260813    16:32:52       1     56     27     45      0      0      0      0      0      0   1593    210      0      1      0 
 20260813    16:33:02       1     56     27     47      0      0      0      0      0      0   1593    210      0      1      0 
 20260813    16:33:12       1     56     27     45      0      0      0      0      0      0   1593    210      0      1      0 
 20260813    16:33:22       1     56     27     45      0      0      0      0      0      0   1593    210      0      1      0 
 20260813    16:33:32       1     56     27     45      0      0      0      0      0      0   1593    210      0      1      0 
 20260813    16:33:42       1     56     27     45      0      0      0      0      0      0   1593    210      0      1      0 
 20260813    16:33:52       1     56     27     45      0      0      0      0      0      0   1593    210      0      1      0 
 20260813    16:34:02       1     56     27     45      0      0      0      0      0      0   1593    210      0      1      0 
 20260813    16:34:12       1     56     27     45      0      0      0      0      0      0   1593    210      0      1      0 
 20260813    16:34:22       1     56     27     45      0      0      0      0      0      0   1593    210      0      1      0 
 20260813    16:34:32       1     56     27     45      0      0      0      0      0      0   1593    210      0      1      0 
 20260813    16:34:42       1     56     27     45      0      0      0      0      0      0   1593    210      0      1      0 
 20260813    16:34:52       1     56     27     45      0      0      0      0      0      0   1593    210      0      1      0 
 20260813    16:35:02       1     56     27     45      0      0      0      0      0      0   1593    210      0      1      0 
 20260813    16:35:12       1     56     27     45      0      0      0      0      0      0   1593    210      0      1      0 
 20260813    16:35:22       1     56     27     45      0      0      0      0      0      0   1593    210      0      1      0 
 20260813    16:35:32       1     56     27     45      0      0      0      0      0      0   1593    210      0      1      0 
 20260813    16:35:42       1     56     27     45      0      0      0      0      0      0   1593    210      0      1      0 
 20260813    16:35:52       1     56     27     45      0      0      0      0      0      0   1593    210      0      1      0 
 20260813    16:36:02       1     56     27     45      0      0      0      0      0      0   1593    210      0      1      0 
 20260813    16:36:12       1     56     28     45      0      0      0      0      0      0   1593    210      0      1      0 
 20260813    16:36:22       1     56     28     45      0      0      0      0      0      0   1593    210      0      1      0 
 20260813    16:36:32       1     56     28     45      0      0      0      0      0      0   1593    210      0      1      0 
 20260813    16:36:42       1     56     28     45      0      0      0      0      0      0   1593    210      0      1      0 
 20260813    16:36:52       1     56     28     45      0      0      0      0      0      0   1593    210      0      1      0 
 20260813    16:37:02       1     56     28     45      0      0      0      0      0      0   1593    210      0      1      0 
 20260813    16:37:12       1     56     28     46      0      0      0      0      0      0   1593    210      0      1      0 
 20260813    16:37:22       1     56     28     46      0      0      0      0      0      0   1593    210      0      1      0 
#Date        Time         gpu    pwr  gtemp  mtemp     sm    mem    enc    dec    jpg    ofa   mclk   pclk     fb   bar1   ccpm 
#YYYYMMDD    HH:MM:SS     Idx      W      C      C      %      %      %      %      %      %    MHz    MHz     MB     MB     MB 
 20260813    16:37:32       1     56     28     47      0      0      0      0      0      0   1593    210      0      1      0 
 20260813    16:37:42       1     56     28     46      0      0      0      0      0      0   1593    210      0      1      0 
 20260813    16:37:52       1     56     28     46      0      0      0      0      0      0   1593    210      0      1      0 
 20260813    16:38:02       1     56     28     46      0      0      0      0      0      0   1593    210      0      1      0 
 20260813    16:38:12       1     56     28     47      0      0      0      0      0      0   1593    210      0      1      0 
 20260813    16:38:22       1     56     28     46      0      0      0      0      0      0   1593    210      0      1      0 
 20260813    16:38:32       1     56     28     47      0      0      0      0      0      0   1593    210      0      1      0 
 20260813    16:38:42       1     56     28     46      0      0      0      0      0      0   1593    210      0      1      0 
 20260813    16:38:52       1     56     28     47      0      0      0      0      0      0   1593    210      0      1      0 
 20260813    16:39:02       1     56     28     47      0      0      0      0      0      0   1593    210      0      1      0 
 20260813    16:39:12       1     56     28     46      0      0      0      0      0      0   1593    210      0      1      0 
 20260813    16:39:22       1     56     28     46      0      0      0      0      0      0   1593    210      0      1      0 
 20260813    16:39:32       1     56     28     46      0      0      0      0      0      0   1593    210      0      1      0 
 20260813    16:39:43       1     56     28     46      0      0      0      0      0      0   1593    210      0      1      0 
 20260813    16:39:53       1     56     28     46      0      0      0      0      0      0   1593    210      0      1      0 
 20260813    16:40:03       1     56     28     46      0      0      0      0      0      0   1593    210      0      1      0 
 20260813    16:40:13       1     56     28     46      0      0      0      0      0      0   1593    210      3      2      0 
 20260813    16:40:23       1     56     28     46      0      0      0      0      0      0   1593    210      0      1      0 
 20260813    16:40:33       1     56     28     46      0      0      0      0      0      0   1593    210      0      1      0 
 20260813    16:40:43       1     56     28     46      0      0      0      0      0      0   1593    210      0      1      0 
 20260813    16:40:53       1     56     28     46      0      0      0      0      0      0   1593    210      0      1      0 
 20260813    16:41:03       1     56     28     46      0      0      0      0      0      0   1593    210      0      1      0 
 20260813    16:41:13       1     56     28     47      0      0      0      0      0      0   1593    210      0      1      0 
 20260813    16:41:23       1     56     28     46      0      0      0      0      0      0   1593    210      0      1      0 
 20260813    16:41:33       1     56     28     46      0      0      0      0      0      0   1593    210      0      1      0 
 20260813    16:41:43       1     56     28     46      0      0      0      0      0      0   1593    210      0      1      0 
 20260813    16:41:53       1     56     28     46      0      0      0      0      0      0   1593    210      0      1      0 
 20260813    16:42:03       1     56     28     45      0      0      0      0      0      0   1593    210      0      1      0 
 20260813    16:42:13       1     56     28     45      0      0      0      0      0      0   1593    210      0      1      0 
 20260813    16:42:23       1     56     28     45      0      0      0      0      0      0   1593    210      0      1      0 
 20260813    16:42:33       1     56     28     45      0      0      0      0      0      0   1593    210      0      1      0 
 20260813    16:42:43       1     56     28     45      0      0      0      0      0      0   1593    210      0      1      0 
 20260813    16:42:53       1     56     27     45      0      0      0      0      0      0   1593    210      0      1      0 
 20260813    16:43:03       1     56     27     45      0      0      0      0      0      0   1593    210      0      1      0 
 20260813    16:43:13       1     56     27     45      0      0      0      0      0      0   1593    210      0      1      0 
 20260813    16:43:23       1     56     27     45      0      0      0      0      0      0   1593    210      0      1      0 
 20260813    16:43:33       1     56     27     45      0      0      0      0      0      0   1593    210      0      1      0 
 20260813    16:43:43       1     56     27     45      0      0      0      0      0      0   1593    210      0      1      0 
 20260813    16:43:53       1     56     27     45      0      0      0      0      0      0   1593    210      0      1      0 
 20260813    16:44:03       1     56     27     45      0      0      0      0      0      0   1593    210      0      1      0 
 20260813    16:44:13       1     56     28     45      0      0      0      0      0      0   1593    210      0      1      0 
 20260813    16:44:23       1     56     28     45      0      0      0      0      0      0   1593    210      3      2      0 
 20260813    16:44:33       1     56     28     45      0      0      0      0      0      0   1593    210      0      1      0 
 20260813    16:44:43       1     56     28     45      0      0      0      0      0      0   1593    210      0      1      0 
#Date        Time         gpu    pwr  gtemp  mtemp     sm    mem    enc    dec    jpg    ofa   mclk   pclk     fb   bar1   ccpm 
#YYYYMMDD    HH:MM:SS     Idx      W      C      C      %      %      %      %      %      %    MHz    MHz     MB     MB     MB 
 20260813    16:44:53       1     56     28     45      0      0      0      0      0      0   1593    210      0      1      0 
 20260813    16:45:03       1     56     28     47      0      0      0      0      0      0   1593    210      0      1      0 
 20260813    16:45:13       1     56     28     45      0      0      0      0      0      0   1593    210      0      1      0 
 20260813    16:45:23       1     56     28     45      0      0      0      0      0      0   1593    210      0      1      0 
 20260813    16:45:33       1     56     28     45      0      0      0      0      0      0   1593    210      0      1      0 
 20260813    16:45:43       1     56     28     46      0      0      0      0      0      0   1593    210      0      1      0 
 20260813    16:45:53       1     56     28     45      0      0      0      0      0      0   1593    210      0      1      0 
 20260813    16:46:03       1     56     28     45      0      0      0      0      0      0   1593    210      0      1      0 
 20260813    16:46:13       1     56     28     45      0      0      0      0      0      0   1593    210      0      1      0 
 20260813    16:46:23       1     56     28     46      0      0      0      0      0      0   1593    210      0      1      0 
 20260813    16:46:33       1     56     28     45      0      0      0      0      0      0   1593    210      0      1      0 
 20260813    16:46:43       1     56     28     47      0      0      0      0      0      0   1593    210      0      1      0 
 20260813    16:46:53       1     56     28     47      0      0      0      0      0      0   1593    210      0      1      0 
 20260813    16:47:03       1     56     28     47      0      0      0      0      0      0   1593    210      0      1      0 
 20260813    16:47:13       1     56     28     46      0      0      0      0      0      0   1593    210      0      1      0 
 20260813    16:47:23       1     56     28     45      0      0      0      0      0      0   1593    210      0      1      0 
 20260813    16:47:33       1     56     28     47      0      0      0      0      0      0   1593    210      0      1      0 
 20260813    16:47:43       1     56     28     47      0      0      0      0      0      0   1593    210      0      1      0 
 20260813    16:47:53       1     56     28     45      0      0      0      0      0      0   1593    210      0      1      0 
 20260813    16:48:03       1     56     28     46      0      0      0      0      0      0   1593    210      0      1      0 
 20260813    16:48:13       1     56     28     45      0      0      0      0      0      0   1593    210      0      1      0 
 20260813    16:48:23       1     56     28     45      0      0      0      0      0      0   1593    210      0      1      0 
 20260813    16:48:33       1     56     28     45      0      0      0      0      0      0   1593    210      0      1      0 
 20260813    16:48:43       1     56     28     45      0      0      0      0      0      0   1593    210      0      1      0 
 20260813    16:48:53       1     56     28     45      0      0      0      0      0      0   1593    210      0      1      0 
 20260813    16:49:03       1     56     28     45      0      0      0      0      0      0   1593    210      0      1      0 
 20260813    16:49:13       1     56     28     46      0      0      0      0      0      0   1593    210      0      1      0 
 20260813    16:49:23       1     56     28     45      0      0      0      0      0      0   1593    210      0      1      0 
 20260813    16:49:33       1     56     28     45      0      0      0      0      0      0   1593    210      0      1      0 
 20260813    16:49:43       1     56     28     46      0      0      0      0      0      0   1593    210      0      1      0 
 20260813    16:49:53       1     56     28     45      0      0      0      0      0      0   1593    210      0      1      0 
 20260813    16:50:03       1     56     28     45      0      0      0      0      0      0   1593    210      0      1      0 
 20260813    16:50:13       1     56     28     45      0      0      0      0      0      0   1593    210      0      1      0 
 20260813    16:50:23       1     56     28     46      0      0      0      0      0      0   1593    210      0      1      0 
 20260813    16:50:33       1     56     28     45      0      0      0      0      0      0   1593    210      0      1      0 
 20260813    16:50:43       1     56     28     45      0      0      0      0      0      0   1593    210      0      1      0 
 20260813    16:50:53       1     56     28     45      0      0      0      0      0      0   1593    210      0      1      0 
 20260813    16:51:03       1     56     28     45      0      0      0      0      0      0   1593    210      0      1      0 
 20260813    16:51:13       1     56     28     45      0      0      0      0      0      0   1593    210      0      1      0 
 20260813    16:51:23       1     56     28     45      0      0      0      0      0      0   1593    210      0      1      0 
 20260813    16:51:33       1     56     28     45      0      0      0      0      0      0   1593    210      0      1      0 
 20260813    16:51:43       1     56     28     45      0      0      0      0      0      0   1593    210      0      1      0 
 20260813    16:51:53       1     56     28     45      0      0      0      0      0      0   1593    210      0      1      0 
 20260813    16:52:03       1     56     28     45      0      0      0      0      0      0   1593    210      0      1      0 
#Date        Time         gpu    pwr  gtemp  mtemp     sm    mem    enc    dec    jpg    ofa   mclk   pclk     fb   bar1   ccpm 
#YYYYMMDD    HH:MM:SS     Idx      W      C      C      %      %      %      %      %      %    MHz    MHz     MB     MB     MB 
 20260813    16:52:13       1     56     28     45      0      0      0      0      0      0   1593    210      0      1      0 
 20260813    16:52:23       1     56     28     45      0      0      0      0      0      0   1593    210      0      1      0 
 20260813    16:52:33       1     56     28     45      0      0      0      0      0      0   1593    210      0      1      0 
 20260813    16:52:44       1     56     28     45      0      0      0      0      0      0   1593    210      0      1      0 
 20260813    16:52:54       1     56     28     45      0      0      0      0      0      0   1593    210      0      1      0 
 20260813    16:53:04       1     56     28     45      0      0      0      0      0      0   1593    210      0      1      0 
 20260813    16:53:14       1     56     28     45      0      0      0      0      0      0   1593    210      0      1      0 
 20260813    16:53:24       1     56     28     45      0      0      0      0      0      0   1593    210      0      1      0 
 20260813    16:53:34       1     56     28     45      0      0      0      0      0      0   1593    210      0      1      0 
 20260813    16:53:44       1     56     28     45      0      0      0      0      0      0   1593    210      0      1      0 
 20260813    16:53:54       1     56     28     45      0      0      0      0      0      0   1593    210      0      1      0 
 20260813    16:54:04       1     56     28     45      0      0      0      0      0      0   1593    210      0      1      0 
 20260813    16:54:14       1     56     28     45      0      0      0      0      0      0   1593    210      0      1      0 
 20260813    16:54:24       1     56     28     45      0      0      0      0      0      0   1593    210      0      1      0 
 20260813    16:54:34       1     56     28     46      0      0      0      0      0      0   1593    210      0      1      0 
 20260813    16:54:44       1     56     28     45      0      0      0      0      0      0   1593    210      0      1      0 
 20260813    16:54:54       1     56     28     45      0      0      0      0      0      0   1593    210      0      1      0 
 20260813    16:55:04       1     56     28     45      0      0      0      0      0      0   1593    210      0      1      0 
