REPRO 1680 rows mismatch 0
{
  "branch": "CONTINUE_B2",
  "points": [
    {
      "receipt_fpr_cap": 0.02,
      "min_per_effect_tpr": 1.0,
      "false_upgrade_count": 10,
      "negative_receipts": 612,
      "receipt_fpr": 0.016339869281045753,
      "optimality": {
        "next_attainable_min_tpr": null,
        "minimum_false_upgrades_at_next_tpr": null,
        "minimum_false_upgrades_at_branch_target_0_973": 10
      }
    },
    {
      "receipt_fpr_cap": 0.05,
      "min_per_effect_tpr": 1.0,
      "false_upgrade_count": 10,
      "negative_receipts": 612,
      "receipt_fpr": 0.016339869281045753,
      "optimality": {
        "next_attainable_min_tpr": null,
        "minimum_false_upgrades_at_next_tpr": null,
        "minimum_false_upgrades_at_branch_target_0_973": 10
      }
    }
  ]
}
