......                                                                   [100%]
6 passed in 0.94s
Gym has been unmaintained since 2022 and does not support NumPy 2.0 amongst other critical functionality.
Please upgrade to Gymnasium, the maintained drop-in replacement of Gym, or contact the authors of your software and request that they upgrade.
See the migration guide at https://gymnasium.farama.org/introduction/migration_guide/ for additional information.
PHASE2_TEMPLATE_CALIBRATION task=stove_moka effect=STOVE_TURNED_ON template=stove_moka__STOVE_TURNED_ON__demo_15 episode=demo_30 success=False steps=160
PHASE2_TEMPLATE_CALIBRATION task=stove_moka effect=STOVE_TURNED_ON template=stove_moka__STOVE_TURNED_ON__demo_15 episode=demo_31 success=False steps=160
PHASE2_TEMPLATE_CALIBRATION task=stove_moka effect=STOVE_TURNED_ON template=stove_moka__STOVE_TURNED_ON__demo_15 episode=demo_32 success=False steps=160
PHASE2_TEMPLATE_CALIBRATION task=stove_moka effect=STOVE_TURNED_ON template=stove_moka__STOVE_TURNED_ON__demo_15 episode=demo_33 success=False steps=160
PHASE2_TEMPLATE_CALIBRATION task=stove_moka effect=STOVE_TURNED_ON template=stove_moka__STOVE_TURNED_ON__demo_15 episode=demo_34 success=False steps=160
PHASE2_TEMPLATE_CALIBRATION task=stove_moka effect=STOVE_TURNED_ON template=stove_moka__STOVE_TURNED_ON__demo_15 episode=demo_35 success=False steps=160
PHASE2_TEMPLATE_CALIBRATION task=stove_moka effect=STOVE_TURNED_ON template=stove_moka__STOVE_TURNED_ON__demo_15 episode=demo_36 success=False steps=160
PHASE2_TEMPLATE_CALIBRATION task=stove_moka effect=STOVE_TURNED_ON template=stove_moka__STOVE_TURNED_ON__demo_15 episode=demo_37 success=False steps=160
PHASE2_TEMPLATE_CALIBRATION task=stove_moka effect=STOVE_TURNED_ON template=stove_moka__STOVE_TURNED_ON__demo_15 episode=demo_38 success=False steps=160
PHASE2_TEMPLATE_CALIBRATION task=stove_moka effect=STOVE_TURNED_ON template=stove_moka__STOVE_TURNED_ON__demo_15 episode=demo_39 success=False steps=160
PHASE2_TEMPLATE_CALIBRATION task=stove_moka effect=STOVE_TURNED_ON template=stove_moka__STOVE_TURNED_ON__demo_9 episode=demo_30 success=True steps=55
PHASE2_TEMPLATE_CALIBRATION task=stove_moka effect=STOVE_TURNED_ON template=stove_moka__STOVE_TURNED_ON__demo_9 episode=demo_31 success=True steps=55
PHASE2_TEMPLATE_CALIBRATION task=stove_moka effect=STOVE_TURNED_ON template=stove_moka__STOVE_TURNED_ON__demo_9 episode=demo_32 success=True steps=56
PHASE2_TEMPLATE_CALIBRATION task=stove_moka effect=STOVE_TURNED_ON template=stove_moka__STOVE_TURNED_ON__demo_9 episode=demo_33 success=True steps=55
PHASE2_TEMPLATE_CALIBRATION task=stove_moka effect=STOVE_TURNED_ON template=stove_moka__STOVE_TURNED_ON__demo_9 episode=demo_34 success=True steps=50
PHASE2_TEMPLATE_CALIBRATION task=stove_moka effect=STOVE_TURNED_ON template=stove_moka__STOVE_TURNED_ON__demo_9 episode=demo_35 success=True steps=55
PHASE2_TEMPLATE_CALIBRATION task=stove_moka effect=STOVE_TURNED_ON template=stove_moka__STOVE_TURNED_ON__demo_9 episode=demo_36 success=True steps=64
PHASE2_TEMPLATE_CALIBRATION task=stove_moka effect=STOVE_TURNED_ON template=stove_moka__STOVE_TURNED_ON__demo_9 episode=demo_37 success=True steps=103
PHASE2_TEMPLATE_CALIBRATION task=stove_moka effect=STOVE_TURNED_ON template=stove_moka__STOVE_TURNED_ON__demo_9 episode=demo_38 success=True steps=55
PHASE2_TEMPLATE_CALIBRATION task=stove_moka effect=STOVE_TURNED_ON template=stove_moka__STOVE_TURNED_ON__demo_9 episode=demo_39 success=True steps=56
PHASE2_TEMPLATE_CALIBRATION task=stove_moka effect=STOVE_TURNED_ON template=stove_moka__STOVE_TURNED_ON__demo_25 episode=demo_30 success=True steps=61
PHASE2_TEMPLATE_CALIBRATION task=stove_moka effect=STOVE_TURNED_ON template=stove_moka__STOVE_TURNED_ON__demo_25 episode=demo_31 success=True steps=64
PHASE2_TEMPLATE_CALIBRATION task=stove_moka effect=STOVE_TURNED_ON template=stove_moka__STOVE_TURNED_ON__demo_25 episode=demo_32 success=False steps=160
PHASE2_TEMPLATE_CALIBRATION task=stove_moka effect=STOVE_TURNED_ON template=stove_moka__STOVE_TURNED_ON__demo_25 episode=demo_33 success=False steps=160
PHASE2_TEMPLATE_CALIBRATION task=stove_moka effect=STOVE_TURNED_ON template=stove_moka__STOVE_TURNED_ON__demo_25 episode=demo_34 success=False steps=160
PHASE2_TEMPLATE_CALIBRATION task=stove_moka effect=STOVE_TURNED_ON template=stove_moka__STOVE_TURNED_ON__demo_25 episode=demo_35 success=False steps=160
PHASE2_TEMPLATE_CALIBRATION task=stove_moka effect=STOVE_TURNED_ON template=stove_moka__STOVE_TURNED_ON__demo_25 episode=demo_36 success=True steps=64
PHASE2_TEMPLATE_CALIBRATION task=stove_moka effect=STOVE_TURNED_ON template=stove_moka__STOVE_TURNED_ON__demo_25 episode=demo_37 success=True steps=58
PHASE2_TEMPLATE_CALIBRATION task=stove_moka effect=STOVE_TURNED_ON template=stove_moka__STOVE_TURNED_ON__demo_25 episode=demo_38 success=True steps=56
PHASE2_TEMPLATE_CALIBRATION task=stove_moka effect=STOVE_TURNED_ON template=stove_moka__STOVE_TURNED_ON__demo_25 episode=demo_39 success=True steps=72
PHASE2_TEMPLATE_CALIBRATION task=stove_moka effect=MOKA_GRASPED template=stove_moka__MOKA_GRASPED__demo_19 episode=demo_30 success=False steps=160
PHASE2_TEMPLATE_CALIBRATION task=stove_moka effect=MOKA_GRASPED template=stove_moka__MOKA_GRASPED__demo_19 episode=demo_31 success=False steps=160
PHASE2_TEMPLATE_CALIBRATION task=stove_moka effect=MOKA_GRASPED template=stove_moka__MOKA_GRASPED__demo_19 episode=demo_32 success=False steps=160
PHASE2_TEMPLATE_CALIBRATION task=stove_moka effect=MOKA_GRASPED template=stove_moka__MOKA_GRASPED__demo_19 episode=demo_33 success=False steps=160
PHASE2_TEMPLATE_CALIBRATION task=stove_moka effect=MOKA_GRASPED template=stove_moka__MOKA_GRASPED__demo_19 episode=demo_34 success=False steps=160
PHASE2_TEMPLATE_CALIBRATION task=stove_moka effect=MOKA_GRASPED template=stove_moka__MOKA_GRASPED__demo_19 episode=demo_35 success=False steps=160
PHASE2_TEMPLATE_CALIBRATION task=stove_moka effect=MOKA_GRASPED template=stove_moka__MOKA_GRASPED__demo_19 episode=demo_36 success=False steps=160
PHASE2_TEMPLATE_CALIBRATION task=stove_moka effect=MOKA_GRASPED template=stove_moka__MOKA_GRASPED__demo_19 episode=demo_37 success=False steps=160
PHASE2_TEMPLATE_CALIBRATION task=stove_moka effect=MOKA_GRASPED template=stove_moka__MOKA_GRASPED__demo_19 episode=demo_38 success=False steps=160
PHASE2_TEMPLATE_CALIBRATION task=stove_moka effect=MOKA_GRASPED template=stove_moka__MOKA_GRASPED__demo_19 episode=demo_39 success=False steps=160
PHASE2_TEMPLATE_CALIBRATION task=stove_moka effect=MOKA_GRASPED template=stove_moka__MOKA_GRASPED__demo_15 episode=demo_30 success=True steps=69
PHASE2_TEMPLATE_CALIBRATION task=stove_moka effect=MOKA_GRASPED template=stove_moka__MOKA_GRASPED__demo_15 episode=demo_31 success=True steps=76
PHASE2_TEMPLATE_CALIBRATION task=stove_moka effect=MOKA_GRASPED template=stove_moka__MOKA_GRASPED__demo_15 episode=demo_32 success=False steps=160
PHASE2_TEMPLATE_CALIBRATION task=stove_moka effect=MOKA_GRASPED template=stove_moka__MOKA_GRASPED__demo_15 episode=demo_33 success=False steps=160
PHASE2_TEMPLATE_CALIBRATION task=stove_moka effect=MOKA_GRASPED template=stove_moka__MOKA_GRASPED__demo_15 episode=demo_34 success=False steps=160
PHASE2_TEMPLATE_CALIBRATION task=stove_moka effect=MOKA_GRASPED template=stove_moka__MOKA_GRASPED__demo_15 episode=demo_35 success=True steps=85
PHASE2_TEMPLATE_CALIBRATION task=stove_moka effect=MOKA_GRASPED template=stove_moka__MOKA_GRASPED__demo_15 episode=demo_36 success=False steps=160
PHASE2_TEMPLATE_CALIBRATION task=stove_moka effect=MOKA_GRASPED template=stove_moka__MOKA_GRASPED__demo_15 episode=demo_37 success=False steps=160
PHASE2_TEMPLATE_CALIBRATION task=stove_moka effect=MOKA_GRASPED template=stove_moka__MOKA_GRASPED__demo_15 episode=demo_38 success=True steps=78
PHASE2_TEMPLATE_CALIBRATION task=stove_moka effect=MOKA_GRASPED template=stove_moka__MOKA_GRASPED__demo_15 episode=demo_39 success=False steps=160
PHASE2_TEMPLATE_CALIBRATION task=stove_moka effect=MOKA_GRASPED template=stove_moka__MOKA_GRASPED__demo_12 episode=demo_30 success=False steps=160
PHASE2_TEMPLATE_CALIBRATION task=stove_moka effect=MOKA_GRASPED template=stove_moka__MOKA_GRASPED__demo_12 episode=demo_31 success=False steps=160
PHASE2_TEMPLATE_CALIBRATION task=stove_moka effect=MOKA_GRASPED template=stove_moka__MOKA_GRASPED__demo_12 episode=demo_32 success=False steps=160
PHASE2_TEMPLATE_CALIBRATION task=stove_moka effect=MOKA_GRASPED template=stove_moka__MOKA_GRASPED__demo_12 episode=demo_33 success=False steps=160
PHASE2_TEMPLATE_CALIBRATION task=stove_moka effect=MOKA_GRASPED template=stove_moka__MOKA_GRASPED__demo_12 episode=demo_34 success=False steps=160
PHASE2_TEMPLATE_CALIBRATION task=stove_moka effect=MOKA_GRASPED template=stove_moka__MOKA_GRASPED__demo_12 episode=demo_35 success=False steps=160
PHASE2_TEMPLATE_CALIBRATION task=stove_moka effect=MOKA_GRASPED template=stove_moka__MOKA_GRASPED__demo_12 episode=demo_36 success=False steps=160
PHASE2_TEMPLATE_CALIBRATION task=stove_moka effect=MOKA_GRASPED template=stove_moka__MOKA_GRASPED__demo_12 episode=demo_37 success=False steps=160
PHASE2_TEMPLATE_CALIBRATION task=stove_moka effect=MOKA_GRASPED template=stove_moka__MOKA_GRASPED__demo_12 episode=demo_38 success=False steps=160
PHASE2_TEMPLATE_CALIBRATION task=stove_moka effect=MOKA_GRASPED template=stove_moka__MOKA_GRASPED__demo_12 episode=demo_39 success=False steps=160
PHASE2_TEMPLATE_CALIBRATION task=stove_moka effect=MOKA_ON_STOVE template=stove_moka__MOKA_ON_STOVE__demo_23 episode=demo_30 success=False steps=160
PHASE2_TEMPLATE_CALIBRATION task=stove_moka effect=MOKA_ON_STOVE template=stove_moka__MOKA_ON_STOVE__demo_23 episode=demo_31 success=True steps=35
PHASE2_TEMPLATE_CALIBRATION task=stove_moka effect=MOKA_ON_STOVE template=stove_moka__MOKA_ON_STOVE__demo_23 episode=demo_32 success=True steps=32
PHASE2_TEMPLATE_CALIBRATION task=stove_moka effect=MOKA_ON_STOVE template=stove_moka__MOKA_ON_STOVE__demo_23 episode=demo_33 success=True steps=33
PHASE2_TEMPLATE_CALIBRATION task=stove_moka effect=MOKA_ON_STOVE template=stove_moka__MOKA_ON_STOVE__demo_23 episode=demo_34 success=True steps=45
PHASE2_TEMPLATE_CALIBRATION task=stove_moka effect=MOKA_ON_STOVE template=stove_moka__MOKA_ON_STOVE__demo_23 episode=demo_35 success=True steps=36
PHASE2_TEMPLATE_CALIBRATION task=stove_moka effect=MOKA_ON_STOVE template=stove_moka__MOKA_ON_STOVE__demo_23 episode=demo_36 success=True steps=45
PHASE2_TEMPLATE_CALIBRATION task=stove_moka effect=MOKA_ON_STOVE template=stove_moka__MOKA_ON_STOVE__demo_23 episode=demo_37 success=True steps=46
PHASE2_TEMPLATE_CALIBRATION task=stove_moka effect=MOKA_ON_STOVE template=stove_moka__MOKA_ON_STOVE__demo_23 episode=demo_38 success=True steps=30
PHASE2_TEMPLATE_CALIBRATION task=stove_moka effect=MOKA_ON_STOVE template=stove_moka__MOKA_ON_STOVE__demo_23 episode=demo_39 success=True steps=41
PHASE2_TEMPLATE_CALIBRATION task=stove_moka effect=MOKA_ON_STOVE template=stove_moka__MOKA_ON_STOVE__demo_4 episode=demo_30 success=True steps=30
PHASE2_TEMPLATE_CALIBRATION task=stove_moka effect=MOKA_ON_STOVE template=stove_moka__MOKA_ON_STOVE__demo_4 episode=demo_31 success=True steps=46
PHASE2_TEMPLATE_CALIBRATION task=stove_moka effect=MOKA_ON_STOVE template=stove_moka__MOKA_ON_STOVE__demo_4 episode=demo_32 success=True steps=30
PHASE2_TEMPLATE_CALIBRATION task=stove_moka effect=MOKA_ON_STOVE template=stove_moka__MOKA_ON_STOVE__demo_4 episode=demo_33 success=True steps=35
PHASE2_TEMPLATE_CALIBRATION task=stove_moka effect=MOKA_ON_STOVE template=stove_moka__MOKA_ON_STOVE__demo_4 episode=demo_34 success=True steps=48
PHASE2_TEMPLATE_CALIBRATION task=stove_moka effect=MOKA_ON_STOVE template=stove_moka__MOKA_ON_STOVE__demo_4 episode=demo_35 success=False steps=160
PHASE2_TEMPLATE_CALIBRATION task=stove_moka effect=MOKA_ON_STOVE template=stove_moka__MOKA_ON_STOVE__demo_4 episode=demo_36 success=True steps=38
PHASE2_TEMPLATE_CALIBRATION task=stove_moka effect=MOKA_ON_STOVE template=stove_moka__MOKA_ON_STOVE__demo_4 episode=demo_37 success=True steps=37
PHASE2_TEMPLATE_CALIBRATION task=stove_moka effect=MOKA_ON_STOVE template=stove_moka__MOKA_ON_STOVE__demo_4 episode=demo_38 success=True steps=27
PHASE2_TEMPLATE_CALIBRATION task=stove_moka effect=MOKA_ON_STOVE template=stove_moka__MOKA_ON_STOVE__demo_4 episode=demo_39 success=True steps=54
PHASE2_TEMPLATE_CALIBRATION task=stove_moka effect=MOKA_ON_STOVE template=stove_moka__MOKA_ON_STOVE__demo_26 episode=demo_30 success=True steps=22
PHASE2_TEMPLATE_CALIBRATION task=stove_moka effect=MOKA_ON_STOVE template=stove_moka__MOKA_ON_STOVE__demo_26 episode=demo_31 success=True steps=22
PHASE2_TEMPLATE_CALIBRATION task=stove_moka effect=MOKA_ON_STOVE template=stove_moka__MOKA_ON_STOVE__demo_26 episode=demo_32 success=True steps=22
PHASE2_TEMPLATE_CALIBRATION task=stove_moka effect=MOKA_ON_STOVE template=stove_moka__MOKA_ON_STOVE__demo_26 episode=demo_33 success=True steps=26
PHASE2_TEMPLATE_CALIBRATION task=stove_moka effect=MOKA_ON_STOVE template=stove_moka__MOKA_ON_STOVE__demo_26 episode=demo_34 success=True steps=27
PHASE2_TEMPLATE_CALIBRATION task=stove_moka effect=MOKA_ON_STOVE template=stove_moka__MOKA_ON_STOVE__demo_26 episode=demo_35 success=True steps=25
PHASE2_TEMPLATE_CALIBRATION task=stove_moka effect=MOKA_ON_STOVE template=stove_moka__MOKA_ON_STOVE__demo_26 episode=demo_36 success=True steps=25
PHASE2_TEMPLATE_CALIBRATION task=stove_moka effect=MOKA_ON_STOVE template=stove_moka__MOKA_ON_STOVE__demo_26 episode=demo_37 success=True steps=26
PHASE2_TEMPLATE_CALIBRATION task=stove_moka effect=MOKA_ON_STOVE template=stove_moka__MOKA_ON_STOVE__demo_26 episode=demo_38 success=True steps=19
PHASE2_TEMPLATE_CALIBRATION task=stove_moka effect=MOKA_ON_STOVE template=stove_moka__MOKA_ON_STOVE__demo_26 episode=demo_39 success=True steps=24
PHASE2_TEMPLATE_CALIBRATION task=stove_moka effect=MOKA_RELEASED_ON_STOVE template=stove_moka__MOKA_RELEASED_ON_STOVE__demo_7 episode=demo_30 success=True steps=5
PHASE2_TEMPLATE_CALIBRATION task=stove_moka effect=MOKA_RELEASED_ON_STOVE template=stove_moka__MOKA_RELEASED_ON_STOVE__demo_7 episode=demo_31 success=True steps=0
PHASE2_TEMPLATE_CALIBRATION task=stove_moka effect=MOKA_RELEASED_ON_STOVE template=stove_moka__MOKA_RELEASED_ON_STOVE__demo_7 episode=demo_32 success=True steps=0
PHASE2_TEMPLATE_CALIBRATION task=stove_moka effect=MOKA_RELEASED_ON_STOVE template=stove_moka__MOKA_RELEASED_ON_STOVE__demo_7 episode=demo_33 success=True steps=0
PHASE2_TEMPLATE_CALIBRATION task=stove_moka effect=MOKA_RELEASED_ON_STOVE template=stove_moka__MOKA_RELEASED_ON_STOVE__demo_7 episode=demo_34 success=True steps=0
PHASE2_TEMPLATE_CALIBRATION task=stove_moka effect=MOKA_RELEASED_ON_STOVE template=stove_moka__MOKA_RELEASED_ON_STOVE__demo_7 episode=demo_35 success=True steps=0
PHASE2_TEMPLATE_CALIBRATION task=stove_moka effect=MOKA_RELEASED_ON_STOVE template=stove_moka__MOKA_RELEASED_ON_STOVE__demo_7 episode=demo_36 success=True steps=0
PHASE2_TEMPLATE_CALIBRATION task=stove_moka effect=MOKA_RELEASED_ON_STOVE template=stove_moka__MOKA_RELEASED_ON_STOVE__demo_7 episode=demo_37 success=True steps=0
PHASE2_TEMPLATE_CALIBRATION task=stove_moka effect=MOKA_RELEASED_ON_STOVE template=stove_moka__MOKA_RELEASED_ON_STOVE__demo_7 episode=demo_38 success=True steps=0
PHASE2_TEMPLATE_CALIBRATION task=stove_moka effect=MOKA_RELEASED_ON_STOVE template=stove_moka__MOKA_RELEASED_ON_STOVE__demo_7 episode=demo_39 success=True steps=0
PHASE2_TEMPLATE_CALIBRATION task=stove_moka effect=MOKA_RELEASED_ON_STOVE template=stove_moka__MOKA_RELEASED_ON_STOVE__demo_28 episode=demo_30 success=True steps=0
PHASE2_TEMPLATE_CALIBRATION task=stove_moka effect=MOKA_RELEASED_ON_STOVE template=stove_moka__MOKA_RELEASED_ON_STOVE__demo_28 episode=demo_31 success=True steps=0
PHASE2_TEMPLATE_CALIBRATION task=stove_moka effect=MOKA_RELEASED_ON_STOVE template=stove_moka__MOKA_RELEASED_ON_STOVE__demo_28 episode=demo_32 success=True steps=0
PHASE2_TEMPLATE_CALIBRATION task=stove_moka effect=MOKA_RELEASED_ON_STOVE template=stove_moka__MOKA_RELEASED_ON_STOVE__demo_28 episode=demo_33 success=True steps=0
PHASE2_TEMPLATE_CALIBRATION task=stove_moka effect=MOKA_RELEASED_ON_STOVE template=stove_moka__MOKA_RELEASED_ON_STOVE__demo_28 episode=demo_34 success=True steps=0
PHASE2_TEMPLATE_CALIBRATION task=stove_moka effect=MOKA_RELEASED_ON_STOVE template=stove_moka__MOKA_RELEASED_ON_STOVE__demo_28 episode=demo_35 success=True steps=0
PHASE2_TEMPLATE_CALIBRATION task=stove_moka effect=MOKA_RELEASED_ON_STOVE template=stove_moka__MOKA_RELEASED_ON_STOVE__demo_28 episode=demo_36 success=True steps=0
PHASE2_TEMPLATE_CALIBRATION task=stove_moka effect=MOKA_RELEASED_ON_STOVE template=stove_moka__MOKA_RELEASED_ON_STOVE__demo_28 episode=demo_37 success=True steps=0
PHASE2_TEMPLATE_CALIBRATION task=stove_moka effect=MOKA_RELEASED_ON_STOVE template=stove_moka__MOKA_RELEASED_ON_STOVE__demo_28 episode=demo_38 success=True steps=0
PHASE2_TEMPLATE_CALIBRATION task=stove_moka effect=MOKA_RELEASED_ON_STOVE template=stove_moka__MOKA_RELEASED_ON_STOVE__demo_28 episode=demo_39 success=True steps=0
PHASE2_TEMPLATE_CALIBRATION task=stove_moka effect=MOKA_RELEASED_ON_STOVE template=stove_moka__MOKA_RELEASED_ON_STOVE__demo_4 episode=demo_30 success=True steps=0
PHASE2_TEMPLATE_CALIBRATION task=stove_moka effect=MOKA_RELEASED_ON_STOVE template=stove_moka__MOKA_RELEASED_ON_STOVE__demo_4 episode=demo_31 success=True steps=0
PHASE2_TEMPLATE_CALIBRATION task=stove_moka effect=MOKA_RELEASED_ON_STOVE template=stove_moka__MOKA_RELEASED_ON_STOVE__demo_4 episode=demo_32 success=True steps=0
PHASE2_TEMPLATE_CALIBRATION task=stove_moka effect=MOKA_RELEASED_ON_STOVE template=stove_moka__MOKA_RELEASED_ON_STOVE__demo_4 episode=demo_33 success=True steps=0
PHASE2_TEMPLATE_CALIBRATION task=stove_moka effect=MOKA_RELEASED_ON_STOVE template=stove_moka__MOKA_RELEASED_ON_STOVE__demo_4 episode=demo_34 success=True steps=0
PHASE2_TEMPLATE_CALIBRATION task=stove_moka effect=MOKA_RELEASED_ON_STOVE template=stove_moka__MOKA_RELEASED_ON_STOVE__demo_4 episode=demo_35 success=True steps=0
PHASE2_TEMPLATE_CALIBRATION task=stove_moka effect=MOKA_RELEASED_ON_STOVE template=stove_moka__MOKA_RELEASED_ON_STOVE__demo_4 episode=demo_36 success=True steps=0
PHASE2_TEMPLATE_CALIBRATION task=stove_moka effect=MOKA_RELEASED_ON_STOVE template=stove_moka__MOKA_RELEASED_ON_STOVE__demo_4 episode=demo_37 success=True steps=0
PHASE2_TEMPLATE_CALIBRATION task=stove_moka effect=MOKA_RELEASED_ON_STOVE template=stove_moka__MOKA_RELEASED_ON_STOVE__demo_4 episode=demo_38 success=True steps=0
PHASE2_TEMPLATE_CALIBRATION task=stove_moka effect=MOKA_RELEASED_ON_STOVE template=stove_moka__MOKA_RELEASED_ON_STOVE__demo_4 episode=demo_39 success=True steps=0
PHASE2_TEMPLATE_CALIBRATION task=bowl_drawer effect=BOWL_GRASPED template=bowl_drawer__BOWL_GRASPED__demo_20 episode=demo_31 success=True steps=63
PHASE2_TEMPLATE_CALIBRATION task=bowl_drawer effect=BOWL_GRASPED template=bowl_drawer__BOWL_GRASPED__demo_20 episode=demo_32 success=False steps=160
PHASE2_TEMPLATE_CALIBRATION task=bowl_drawer effect=BOWL_GRASPED template=bowl_drawer__BOWL_GRASPED__demo_20 episode=demo_33 success=False steps=160
PHASE2_TEMPLATE_CALIBRATION task=bowl_drawer effect=BOWL_GRASPED template=bowl_drawer__BOWL_GRASPED__demo_20 episode=demo_34 success=False steps=160
PHASE2_TEMPLATE_CALIBRATION task=bowl_drawer effect=BOWL_GRASPED template=bowl_drawer__BOWL_GRASPED__demo_20 episode=demo_35 success=True steps=103
PHASE2_TEMPLATE_CALIBRATION task=bowl_drawer effect=BOWL_GRASPED template=bowl_drawer__BOWL_GRASPED__demo_20 episode=demo_36 success=True steps=66
PHASE2_TEMPLATE_CALIBRATION task=bowl_drawer effect=BOWL_GRASPED template=bowl_drawer__BOWL_GRASPED__demo_20 episode=demo_37 success=True steps=130
PHASE2_TEMPLATE_CALIBRATION task=bowl_drawer effect=BOWL_GRASPED template=bowl_drawer__BOWL_GRASPED__demo_20 episode=demo_38 success=True steps=108
PHASE2_TEMPLATE_CALIBRATION task=bowl_drawer effect=BOWL_GRASPED template=bowl_drawer__BOWL_GRASPED__demo_20 episode=demo_39 success=False steps=160
PHASE2_TEMPLATE_CALIBRATION task=bowl_drawer effect=BOWL_GRASPED template=bowl_drawer__BOWL_GRASPED__demo_14 episode=demo_31 success=False steps=160
PHASE2_TEMPLATE_CALIBRATION task=bowl_drawer effect=BOWL_GRASPED template=bowl_drawer__BOWL_GRASPED__demo_14 episode=demo_32 success=False steps=160
PHASE2_TEMPLATE_CALIBRATION task=bowl_drawer effect=BOWL_GRASPED template=bowl_drawer__BOWL_GRASPED__demo_14 episode=demo_33 success=False steps=160
PHASE2_TEMPLATE_CALIBRATION task=bowl_drawer effect=BOWL_GRASPED template=bowl_drawer__BOWL_GRASPED__demo_14 episode=demo_34 success=False steps=160
PHASE2_TEMPLATE_CALIBRATION task=bowl_drawer effect=BOWL_GRASPED template=bowl_drawer__BOWL_GRASPED__demo_14 episode=demo_35 success=False steps=160
PHASE2_TEMPLATE_CALIBRATION task=bowl_drawer effect=BOWL_GRASPED template=bowl_drawer__BOWL_GRASPED__demo_14 episode=demo_36 success=False steps=160
PHASE2_TEMPLATE_CALIBRATION task=bowl_drawer effect=BOWL_GRASPED template=bowl_drawer__BOWL_GRASPED__demo_14 episode=demo_37 success=False steps=160
PHASE2_TEMPLATE_CALIBRATION task=bowl_drawer effect=BOWL_GRASPED template=bowl_drawer__BOWL_GRASPED__demo_14 episode=demo_38 success=False steps=160
PHASE2_TEMPLATE_CALIBRATION task=bowl_drawer effect=BOWL_GRASPED template=bowl_drawer__BOWL_GRASPED__demo_14 episode=demo_39 success=False steps=160
PHASE2_TEMPLATE_CALIBRATION task=bowl_drawer effect=BOWL_GRASPED template=bowl_drawer__BOWL_GRASPED__demo_15 episode=demo_31 success=True steps=64
PHASE2_TEMPLATE_CALIBRATION task=bowl_drawer effect=BOWL_GRASPED template=bowl_drawer__BOWL_GRASPED__demo_15 episode=demo_32 success=True steps=64
PHASE2_TEMPLATE_CALIBRATION task=bowl_drawer effect=BOWL_GRASPED template=bowl_drawer__BOWL_GRASPED__demo_15 episode=demo_33 success=True steps=59
PHASE2_TEMPLATE_CALIBRATION task=bowl_drawer effect=BOWL_GRASPED template=bowl_drawer__BOWL_GRASPED__demo_15 episode=demo_34 success=True steps=60
PHASE2_TEMPLATE_CALIBRATION task=bowl_drawer effect=BOWL_GRASPED template=bowl_drawer__BOWL_GRASPED__demo_15 episode=demo_35 success=False steps=160
PHASE2_TEMPLATE_CALIBRATION task=bowl_drawer effect=BOWL_GRASPED template=bowl_drawer__BOWL_GRASPED__demo_15 episode=demo_36 success=True steps=65
PHASE2_TEMPLATE_CALIBRATION task=bowl_drawer effect=BOWL_GRASPED template=bowl_drawer__BOWL_GRASPED__demo_15 episode=demo_37 success=True steps=64
PHASE2_TEMPLATE_CALIBRATION task=bowl_drawer effect=BOWL_GRASPED template=bowl_drawer__BOWL_GRASPED__demo_15 episode=demo_38 success=True steps=67
PHASE2_TEMPLATE_CALIBRATION task=bowl_drawer effect=BOWL_GRASPED template=bowl_drawer__BOWL_GRASPED__demo_15 episode=demo_39 success=True steps=63
PHASE2_TEMPLATE_CALIBRATION task=bowl_drawer effect=BOWL_IN_BOTTOM_DRAWER template=bowl_drawer__BOWL_IN_BOTTOM_DRAWER__demo_29 episode=demo_30 success=False steps=160
PHASE2_TEMPLATE_CALIBRATION task=bowl_drawer effect=BOWL_IN_BOTTOM_DRAWER template=bowl_drawer__BOWL_IN_BOTTOM_DRAWER__demo_29 episode=demo_31 success=False steps=160
PHASE2_TEMPLATE_CALIBRATION task=bowl_drawer effect=BOWL_IN_BOTTOM_DRAWER template=bowl_drawer__BOWL_IN_BOTTOM_DRAWER__demo_29 episode=demo_32 success=True steps=0
PHASE2_TEMPLATE_CALIBRATION task=bowl_drawer effect=BOWL_IN_BOTTOM_DRAWER template=bowl_drawer__BOWL_IN_BOTTOM_DRAWER__demo_29 episode=demo_33 success=False steps=160
PHASE2_TEMPLATE_CALIBRATION task=bowl_drawer effect=BOWL_IN_BOTTOM_DRAWER template=bowl_drawer__BOWL_IN_BOTTOM_DRAWER__demo_29 episode=demo_34 success=False steps=160
PHASE2_TEMPLATE_CALIBRATION task=bowl_drawer effect=BOWL_IN_BOTTOM_DRAWER template=bowl_drawer__BOWL_IN_BOTTOM_DRAWER__demo_29 episode=demo_35 success=False steps=160
PHASE2_TEMPLATE_CALIBRATION task=bowl_drawer effect=BOWL_IN_BOTTOM_DRAWER template=bowl_drawer__BOWL_IN_BOTTOM_DRAWER__demo_29 episode=demo_36 success=False steps=160
PHASE2_TEMPLATE_CALIBRATION task=bowl_drawer effect=BOWL_IN_BOTTOM_DRAWER template=bowl_drawer__BOWL_IN_BOTTOM_DRAWER__demo_29 episode=demo_37 success=False steps=160
PHASE2_TEMPLATE_CALIBRATION task=bowl_drawer effect=BOWL_IN_BOTTOM_DRAWER template=bowl_drawer__BOWL_IN_BOTTOM_DRAWER__demo_29 episode=demo_38 success=False steps=160
PHASE2_TEMPLATE_CALIBRATION task=bowl_drawer effect=BOWL_IN_BOTTOM_DRAWER template=bowl_drawer__BOWL_IN_BOTTOM_DRAWER__demo_29 episode=demo_39 success=False steps=160
PHASE2_TEMPLATE_CALIBRATION task=bowl_drawer effect=BOWL_IN_BOTTOM_DRAWER template=bowl_drawer__BOWL_IN_BOTTOM_DRAWER__demo_1 episode=demo_30 success=True steps=66
PHASE2_TEMPLATE_CALIBRATION task=bowl_drawer effect=BOWL_IN_BOTTOM_DRAWER template=bowl_drawer__BOWL_IN_BOTTOM_DRAWER__demo_1 episode=demo_31 success=True steps=97
PHASE2_TEMPLATE_CALIBRATION task=bowl_drawer effect=BOWL_IN_BOTTOM_DRAWER template=bowl_drawer__BOWL_IN_BOTTOM_DRAWER__demo_1 episode=demo_32 success=True steps=0
PHASE2_TEMPLATE_CALIBRATION task=bowl_drawer effect=BOWL_IN_BOTTOM_DRAWER template=bowl_drawer__BOWL_IN_BOTTOM_DRAWER__demo_1 episode=demo_33 success=True steps=51
PHASE2_TEMPLATE_CALIBRATION task=bowl_drawer effect=BOWL_IN_BOTTOM_DRAWER template=bowl_drawer__BOWL_IN_BOTTOM_DRAWER__demo_1 episode=demo_34 success=True steps=49
PHASE2_TEMPLATE_CALIBRATION task=bowl_drawer effect=BOWL_IN_BOTTOM_DRAWER template=bowl_drawer__BOWL_IN_BOTTOM_DRAWER__demo_1 episode=demo_35 success=True steps=50
PHASE2_TEMPLATE_CALIBRATION task=bowl_drawer effect=BOWL_IN_BOTTOM_DRAWER template=bowl_drawer__BOWL_IN_BOTTOM_DRAWER__demo_1 episode=demo_36 success=True steps=61
PHASE2_TEMPLATE_CALIBRATION task=bowl_drawer effect=BOWL_IN_BOTTOM_DRAWER template=bowl_drawer__BOWL_IN_BOTTOM_DRAWER__demo_1 episode=demo_37 success=True steps=56
PHASE2_TEMPLATE_CALIBRATION task=bowl_drawer effect=BOWL_IN_BOTTOM_DRAWER template=bowl_drawer__BOWL_IN_BOTTOM_DRAWER__demo_1 episode=demo_38 success=True steps=47
PHASE2_TEMPLATE_CALIBRATION task=bowl_drawer effect=BOWL_IN_BOTTOM_DRAWER template=bowl_drawer__BOWL_IN_BOTTOM_DRAWER__demo_1 episode=demo_39 success=True steps=61
PHASE2_TEMPLATE_CALIBRATION task=bowl_drawer effect=BOWL_IN_BOTTOM_DRAWER template=bowl_drawer__BOWL_IN_BOTTOM_DRAWER__demo_27 episode=demo_30 success=True steps=25
PHASE2_TEMPLATE_CALIBRATION task=bowl_drawer effect=BOWL_IN_BOTTOM_DRAWER template=bowl_drawer__BOWL_IN_BOTTOM_DRAWER__demo_27 episode=demo_31 success=False steps=160
PHASE2_TEMPLATE_CALIBRATION task=bowl_drawer effect=BOWL_IN_BOTTOM_DRAWER template=bowl_drawer__BOWL_IN_BOTTOM_DRAWER__demo_27 episode=demo_32 success=True steps=0
PHASE2_TEMPLATE_CALIBRATION task=bowl_drawer effect=BOWL_IN_BOTTOM_DRAWER template=bowl_drawer__BOWL_IN_BOTTOM_DRAWER__demo_27 episode=demo_33 success=True steps=29
PHASE2_TEMPLATE_CALIBRATION task=bowl_drawer effect=BOWL_IN_BOTTOM_DRAWER template=bowl_drawer__BOWL_IN_BOTTOM_DRAWER__demo_27 episode=demo_34 success=True steps=29
PHASE2_TEMPLATE_CALIBRATION task=bowl_drawer effect=BOWL_IN_BOTTOM_DRAWER template=bowl_drawer__BOWL_IN_BOTTOM_DRAWER__demo_27 episode=demo_35 success=False steps=160
PHASE2_TEMPLATE_CALIBRATION task=bowl_drawer effect=BOWL_IN_BOTTOM_DRAWER template=bowl_drawer__BOWL_IN_BOTTOM_DRAWER__demo_27 episode=demo_36 success=True steps=26
PHASE2_TEMPLATE_CALIBRATION task=bowl_drawer effect=BOWL_IN_BOTTOM_DRAWER template=bowl_drawer__BOWL_IN_BOTTOM_DRAWER__demo_27 episode=demo_37 success=False steps=160
PHASE2_TEMPLATE_CALIBRATION task=bowl_drawer effect=BOWL_IN_BOTTOM_DRAWER template=bowl_drawer__BOWL_IN_BOTTOM_DRAWER__demo_27 episode=demo_38 success=True steps=94
PHASE2_TEMPLATE_CALIBRATION task=bowl_drawer effect=BOWL_IN_BOTTOM_DRAWER template=bowl_drawer__BOWL_IN_BOTTOM_DRAWER__demo_27 episode=demo_39 success=False steps=160
PHASE2_TEMPLATE_CALIBRATION task=bowl_drawer effect=BOWL_RELEASED_IN_DRAWER template=bowl_drawer__BOWL_RELEASED_IN_DRAWER__demo_7 episode=demo_30 success=True steps=25
PHASE2_TEMPLATE_CALIBRATION task=bowl_drawer effect=BOWL_RELEASED_IN_DRAWER template=bowl_drawer__BOWL_RELEASED_IN_DRAWER__demo_7 episode=demo_31 success=True steps=12
PHASE2_TEMPLATE_CALIBRATION task=bowl_drawer effect=BOWL_RELEASED_IN_DRAWER template=bowl_drawer__BOWL_RELEASED_IN_DRAWER__demo_7 episode=demo_32 success=True steps=13
PHASE2_TEMPLATE_CALIBRATION task=bowl_drawer effect=BOWL_RELEASED_IN_DRAWER template=bowl_drawer__BOWL_RELEASED_IN_DRAWER__demo_7 episode=demo_33 success=True steps=4
PHASE2_TEMPLATE_CALIBRATION task=bowl_drawer effect=BOWL_RELEASED_IN_DRAWER template=bowl_drawer__BOWL_RELEASED_IN_DRAWER__demo_7 episode=demo_34 success=True steps=10
PHASE2_TEMPLATE_CALIBRATION task=bowl_drawer effect=BOWL_RELEASED_IN_DRAWER template=bowl_drawer__BOWL_RELEASED_IN_DRAWER__demo_7 episode=demo_35 success=True steps=0
PHASE2_TEMPLATE_CALIBRATION task=bowl_drawer effect=BOWL_RELEASED_IN_DRAWER template=bowl_drawer__BOWL_RELEASED_IN_DRAWER__demo_7 episode=demo_36 success=True steps=0
PHASE2_TEMPLATE_CALIBRATION task=bowl_drawer effect=BOWL_RELEASED_IN_DRAWER template=bowl_drawer__BOWL_RELEASED_IN_DRAWER__demo_7 episode=demo_37 success=True steps=0
PHASE2_TEMPLATE_CALIBRATION task=bowl_drawer effect=BOWL_RELEASED_IN_DRAWER template=bowl_drawer__BOWL_RELEASED_IN_DRAWER__demo_7 episode=demo_38 success=True steps=0
PHASE2_TEMPLATE_CALIBRATION task=bowl_drawer effect=BOWL_RELEASED_IN_DRAWER template=bowl_drawer__BOWL_RELEASED_IN_DRAWER__demo_7 episode=demo_39 success=True steps=0
PHASE2_TEMPLATE_CALIBRATION task=bowl_drawer effect=BOWL_RELEASED_IN_DRAWER template=bowl_drawer__BOWL_RELEASED_IN_DRAWER__demo_22 episode=demo_30 success=True steps=13
PHASE2_TEMPLATE_CALIBRATION task=bowl_drawer effect=BOWL_RELEASED_IN_DRAWER template=bowl_drawer__BOWL_RELEASED_IN_DRAWER__demo_22 episode=demo_31 success=True steps=5
PHASE2_TEMPLATE_CALIBRATION task=bowl_drawer effect=BOWL_RELEASED_IN_DRAWER template=bowl_drawer__BOWL_RELEASED_IN_DRAWER__demo_22 episode=demo_32 success=True steps=3
PHASE2_TEMPLATE_CALIBRATION task=bowl_drawer effect=BOWL_RELEASED_IN_DRAWER template=bowl_drawer__BOWL_RELEASED_IN_DRAWER__demo_22 episode=demo_33 success=True steps=3
PHASE2_TEMPLATE_CALIBRATION task=bowl_drawer effect=BOWL_RELEASED_IN_DRAWER template=bowl_drawer__BOWL_RELEASED_IN_DRAWER__demo_22 episode=demo_34 success=True steps=12
PHASE2_TEMPLATE_CALIBRATION task=bowl_drawer effect=BOWL_RELEASED_IN_DRAWER template=bowl_drawer__BOWL_RELEASED_IN_DRAWER__demo_22 episode=demo_35 success=True steps=6
PHASE2_TEMPLATE_CALIBRATION task=bowl_drawer effect=BOWL_RELEASED_IN_DRAWER template=bowl_drawer__BOWL_RELEASED_IN_DRAWER__demo_22 episode=demo_36 success=True steps=7
PHASE2_TEMPLATE_CALIBRATION task=bowl_drawer effect=BOWL_RELEASED_IN_DRAWER template=bowl_drawer__BOWL_RELEASED_IN_DRAWER__demo_22 episode=demo_37 success=True steps=4
PHASE2_TEMPLATE_CALIBRATION task=bowl_drawer effect=BOWL_RELEASED_IN_DRAWER template=bowl_drawer__BOWL_RELEASED_IN_DRAWER__demo_22 episode=demo_38 success=True steps=4
PHASE2_TEMPLATE_CALIBRATION task=bowl_drawer effect=BOWL_RELEASED_IN_DRAWER template=bowl_drawer__BOWL_RELEASED_IN_DRAWER__demo_22 episode=demo_39 success=True steps=6
PHASE2_TEMPLATE_CALIBRATION task=bowl_drawer effect=BOWL_RELEASED_IN_DRAWER template=bowl_drawer__BOWL_RELEASED_IN_DRAWER__demo_11 episode=demo_30 success=True steps=18
PHASE2_TEMPLATE_CALIBRATION task=bowl_drawer effect=BOWL_RELEASED_IN_DRAWER template=bowl_drawer__BOWL_RELEASED_IN_DRAWER__demo_11 episode=demo_31 success=True steps=9
PHASE2_TEMPLATE_CALIBRATION task=bowl_drawer effect=BOWL_RELEASED_IN_DRAWER template=bowl_drawer__BOWL_RELEASED_IN_DRAWER__demo_11 episode=demo_32 success=True steps=7
PHASE2_TEMPLATE_CALIBRATION task=bowl_drawer effect=BOWL_RELEASED_IN_DRAWER template=bowl_drawer__BOWL_RELEASED_IN_DRAWER__demo_11 episode=demo_33 success=False steps=160
PHASE2_TEMPLATE_CALIBRATION task=bowl_drawer effect=BOWL_RELEASED_IN_DRAWER template=bowl_drawer__BOWL_RELEASED_IN_DRAWER__demo_11 episode=demo_34 success=True steps=4
PHASE2_TEMPLATE_CALIBRATION task=bowl_drawer effect=BOWL_RELEASED_IN_DRAWER template=bowl_drawer__BOWL_RELEASED_IN_DRAWER__demo_11 episode=demo_35 success=True steps=8
PHASE2_TEMPLATE_CALIBRATION task=bowl_drawer effect=BOWL_RELEASED_IN_DRAWER template=bowl_drawer__BOWL_RELEASED_IN_DRAWER__demo_11 episode=demo_36 success=True steps=13
PHASE2_TEMPLATE_CALIBRATION task=bowl_drawer effect=BOWL_RELEASED_IN_DRAWER template=bowl_drawer__BOWL_RELEASED_IN_DRAWER__demo_11 episode=demo_37 success=True steps=8
PHASE2_TEMPLATE_CALIBRATION task=bowl_drawer effect=BOWL_RELEASED_IN_DRAWER template=bowl_drawer__BOWL_RELEASED_IN_DRAWER__demo_11 episode=demo_38 success=True steps=6
PHASE2_TEMPLATE_CALIBRATION task=bowl_drawer effect=BOWL_RELEASED_IN_DRAWER template=bowl_drawer__BOWL_RELEASED_IN_DRAWER__demo_11 episode=demo_39 success=True steps=10
PHASE2_TEMPLATE_CALIBRATION task=bowl_drawer effect=BOTTOM_DRAWER_CLOSED template=bowl_drawer__BOTTOM_DRAWER_CLOSED__demo_26 episode=demo_30 success=True steps=44
PHASE2_TEMPLATE_CALIBRATION task=bowl_drawer effect=BOTTOM_DRAWER_CLOSED template=bowl_drawer__BOTTOM_DRAWER_CLOSED__demo_26 episode=demo_31 success=False steps=160
PHASE2_TEMPLATE_CALIBRATION task=bowl_drawer effect=BOTTOM_DRAWER_CLOSED template=bowl_drawer__BOTTOM_DRAWER_CLOSED__demo_26 episode=demo_32 success=True steps=63
PHASE2_TEMPLATE_CALIBRATION task=bowl_drawer effect=BOTTOM_DRAWER_CLOSED template=bowl_drawer__BOTTOM_DRAWER_CLOSED__demo_26 episode=demo_33 success=True steps=55
PHASE2_TEMPLATE_CALIBRATION task=bowl_drawer effect=BOTTOM_DRAWER_CLOSED template=bowl_drawer__BOTTOM_DRAWER_CLOSED__demo_26 episode=demo_34 success=True steps=72
PHASE2_TEMPLATE_CALIBRATION task=bowl_drawer effect=BOTTOM_DRAWER_CLOSED template=bowl_drawer__BOTTOM_DRAWER_CLOSED__demo_26 episode=demo_35 success=True steps=48
PHASE2_TEMPLATE_CALIBRATION task=bowl_drawer effect=BOTTOM_DRAWER_CLOSED template=bowl_drawer__BOTTOM_DRAWER_CLOSED__demo_26 episode=demo_36 success=True steps=55
PHASE2_TEMPLATE_CALIBRATION task=bowl_drawer effect=BOTTOM_DRAWER_CLOSED template=bowl_drawer__BOTTOM_DRAWER_CLOSED__demo_26 episode=demo_37 success=True steps=72
PHASE2_TEMPLATE_CALIBRATION task=bowl_drawer effect=BOTTOM_DRAWER_CLOSED template=bowl_drawer__BOTTOM_DRAWER_CLOSED__demo_26 episode=demo_38 success=True steps=52
PHASE2_TEMPLATE_CALIBRATION task=bowl_drawer effect=BOTTOM_DRAWER_CLOSED template=bowl_drawer__BOTTOM_DRAWER_CLOSED__demo_26 episode=demo_39 success=True steps=47
PHASE2_TEMPLATE_CALIBRATION task=bowl_drawer effect=BOTTOM_DRAWER_CLOSED template=bowl_drawer__BOTTOM_DRAWER_CLOSED__demo_22 episode=demo_30 success=False steps=160
PHASE2_TEMPLATE_CALIBRATION task=bowl_drawer effect=BOTTOM_DRAWER_CLOSED template=bowl_drawer__BOTTOM_DRAWER_CLOSED__demo_22 episode=demo_31 success=False steps=160
PHASE2_TEMPLATE_CALIBRATION task=bowl_drawer effect=BOTTOM_DRAWER_CLOSED template=bowl_drawer__BOTTOM_DRAWER_CLOSED__demo_22 episode=demo_32 success=True steps=67
PHASE2_TEMPLATE_CALIBRATION task=bowl_drawer effect=BOTTOM_DRAWER_CLOSED template=bowl_drawer__BOTTOM_DRAWER_CLOSED__demo_22 episode=demo_33 success=True steps=63
PHASE2_TEMPLATE_CALIBRATION task=bowl_drawer effect=BOTTOM_DRAWER_CLOSED template=bowl_drawer__BOTTOM_DRAWER_CLOSED__demo_22 episode=demo_34 success=True steps=66
PHASE2_TEMPLATE_CALIBRATION task=bowl_drawer effect=BOTTOM_DRAWER_CLOSED template=bowl_drawer__BOTTOM_DRAWER_CLOSED__demo_22 episode=demo_35 success=True steps=51
PHASE2_TEMPLATE_CALIBRATION task=bowl_drawer effect=BOTTOM_DRAWER_CLOSED template=bowl_drawer__BOTTOM_DRAWER_CLOSED__demo_22 episode=demo_36 success=True steps=61
PHASE2_TEMPLATE_CALIBRATION task=bowl_drawer effect=BOTTOM_DRAWER_CLOSED template=bowl_drawer__BOTTOM_DRAWER_CLOSED__demo_22 episode=demo_37 success=True steps=68
PHASE2_TEMPLATE_CALIBRATION task=bowl_drawer effect=BOTTOM_DRAWER_CLOSED template=bowl_drawer__BOTTOM_DRAWER_CLOSED__demo_22 episode=demo_38 success=True steps=62
PHASE2_TEMPLATE_CALIBRATION task=bowl_drawer effect=BOTTOM_DRAWER_CLOSED template=bowl_drawer__BOTTOM_DRAWER_CLOSED__demo_22 episode=demo_39 success=True steps=54
PHASE2_TEMPLATE_CALIBRATION task=bowl_drawer effect=BOTTOM_DRAWER_CLOSED template=bowl_drawer__BOTTOM_DRAWER_CLOSED__demo_2 episode=demo_30 success=False steps=160
PHASE2_TEMPLATE_CALIBRATION task=bowl_drawer effect=BOTTOM_DRAWER_CLOSED template=bowl_drawer__BOTTOM_DRAWER_CLOSED__demo_2 episode=demo_31 success=True steps=40
PHASE2_TEMPLATE_CALIBRATION task=bowl_drawer effect=BOTTOM_DRAWER_CLOSED template=bowl_drawer__BOTTOM_DRAWER_CLOSED__demo_2 episode=demo_32 success=True steps=53
PHASE2_TEMPLATE_CALIBRATION task=bowl_drawer effect=BOTTOM_DRAWER_CLOSED template=bowl_drawer__BOTTOM_DRAWER_CLOSED__demo_2 episode=demo_33 success=True steps=43
PHASE2_TEMPLATE_CALIBRATION task=bowl_drawer effect=BOTTOM_DRAWER_CLOSED template=bowl_drawer__BOTTOM_DRAWER_CLOSED__demo_2 episode=demo_34 success=True steps=53
PHASE2_TEMPLATE_CALIBRATION task=bowl_drawer effect=BOTTOM_DRAWER_CLOSED template=bowl_drawer__BOTTOM_DRAWER_CLOSED__demo_2 episode=demo_35 success=True steps=43
PHASE2_TEMPLATE_CALIBRATION task=bowl_drawer effect=BOTTOM_DRAWER_CLOSED template=bowl_drawer__BOTTOM_DRAWER_CLOSED__demo_2 episode=demo_36 success=False steps=160
PHASE2_TEMPLATE_CALIBRATION task=bowl_drawer effect=BOTTOM_DRAWER_CLOSED template=bowl_drawer__BOTTOM_DRAWER_CLOSED__demo_2 episode=demo_37 success=True steps=44
PHASE2_TEMPLATE_CALIBRATION task=bowl_drawer effect=BOTTOM_DRAWER_CLOSED template=bowl_drawer__BOTTOM_DRAWER_CLOSED__demo_2 episode=demo_38 success=True steps=48
PHASE2_TEMPLATE_CALIBRATION task=bowl_drawer effect=BOTTOM_DRAWER_CLOSED template=bowl_drawer__BOTTOM_DRAWER_CLOSED__demo_2 episode=demo_39 success=True steps=53
Traceback (most recent call last):
  File "scripts/calibrate_phase2_templates.py", line 400, in <module>
    raise SystemExit(main())
  File "scripts/calibrate_phase2_templates.py", line 384, in main
    result = calibrate(
  File "scripts/calibrate_phase2_templates.py", line 335, in calibrate
    extraction_manifest_path.relative_to(PROJECT_ROOT)
  File "/mnt/cpfs/zbl-cpfs-new/USERS/leon/envs/libero-original/lib/python3.8/pathlib.py", line 908, in relative_to
    raise ValueError("{!r} does not start with {!r}"
ValueError: 'experiments/r16p19_libero_phase2/skill_template_extraction_manifest.json' does not start with '/mnt/cpfs/zbl-cpfs-new/USERS/leon/code/r16p19-phase1b-publication-20260813'
R16P19_PHASE2_FAILED line=164 status=1 command=\"\$PYTHON\"\ -u\ scripts/calibrate_phase2_templates.py\ --extraction-manifest\ experiments/r16p19_libero_phase2/skill_template_extraction_manifest.json\ --output-manifest\ \"\$WORK_ROOT/skill_template_manifest.json\"\ --output-dir\ \"\$WORK_ROOT\"
